// Jest Snapshot v1, https://goo.gl/fbAQLP

exports[`Traffic component should render correctly with no data 1`] = `
<ul
  className="Traffic"
/>
`;

exports[`Traffic component should render correctly with provided data 1`] = `
<ul
  className="Traffic"
>
  <li>
    TrafficItem component
  </li>
</ul>
`;
