// Jest Snapshot v1, https://goo.gl/fbAQLP

exports[`Schedules component should render correctly with no data 1`] = `
<ul
  className="Schedules"
/>
`;

exports[`Schedules component should render correctly with provided data 1`] = `
<ul
  className="Schedules"
>
  <li>
    SchedulesItem component: 
  </li>
</ul>
`;

exports[`Schedules component should render correctly with provided data and arrival concatenation 1`] = `
<ul
  className="Schedules"
>
  <li>
    SchedulesItem component: 
  </li>
</ul>
`;

exports[`Schedules component should render correctly with provided datas and order 1`] = `
<ul
  className="Schedules"
>
  <li>
    SchedulesItem component: 
    1
  </li>
  <li>
    SchedulesItem component: 
    2
  </li>
</ul>
`;
