// Jest Snapshot v1, https://goo.gl/fbAQLP

exports[`Schedules component should render correctly with no data 1`] = `
<ul
  className="Schedules"
/>
`;

exports[`Schedules component should render correctly with provided data 1`] = `
<ul
  className="Schedules"
>
  <li>
    SchedulesItem component
  </li>
</ul>
`;
